replica2-1  | Replica replica2 started on port 4002 peers=http://replica1:4001,http://replica3:4003
replica2-1  | ΓåÆ FOLLOWER term=1 leader=null
replica2-1  | Voted for replica1 term=1
replica2-1  | Pushed 2 commits (up to index=1)
replica2-1  | Pushed 4 commits (up to index=5)
replica2-1  | Pushed 4 commits (up to index=9)
replica2-1  | Pushed 2 commits (up to index=11)
replica2-1  | Pushed 2 commits (up to index=13)
replica2-1  | Pushed 2 commits (up to index=15)
replica2-1  | Pushed 1 commits (up to index=16)
replica2-1  | Pushed 2 commits (up to index=18)
replica2-1  | Pushed 2 commits (up to index=20)
replica2-1  | Pushed 1 commits (up to index=21)
replica2-1  | Pushed 1 commits (up to index=22)
replica2-1  | Pushed 2 commits (up to index=24)
replica2-1  | Pushed 2 commits (up to index=26)
replica2-1  | Pushed 2 commits (up to index=28)
replica2-1  | Pushed 2 commits (up to index=30)
replica2-1  | Pushed 2 commits (up to index=32)
replica2-1  | Pushed 2 commits (up to index=34)
replica2-1  | Pushed 2 commits (up to index=36)
replica2-1  | Pushed 2 commits (up to index=38)
replica2-1  | Pushed 2 commits (up to index=40)
replica2-1  | Pushed 2 commits (up to index=42)
replica2-1  | Pushed 2 commits (up to index=44)
replica2-1  | Pushed 1 commits (up to index=45)
replica2-1  | Pushed 1 commits (up to index=46)
replica2-1  | Pushed 2 commits (up to index=48)
replica2-1  | Pushed 2 commits (up to index=50)
replica2-1  | Pushed 2 commits (up to index=52)
replica2-1  | Pushed 1 commits (up to index=53)
replica2-1  | Pushed 2 commits (up to index=55)
replica2-1  | Pushed 2 commits (up to index=57)
replica2-1  | Pushed 1 commits (up to index=58)
replica2-1  | Pushed 1 commits (up to index=59)
replica2-1  | Pushed 2 commits (up to index=61)
replica2-1  | Pushed 2 commits (up to index=63)
replica2-1  | Pushed 2 commits (up to index=65)
replica2-1  | Pushed 2 commits (up to index=67)
replica2-1  | Pushed 2 commits (up to index=69)
replica2-1  | Pushed 1 commits (up to index=70)
replica2-1  | Pushed 1 commits (up to index=71)
replica2-1  | Pushed 1 commits (up to index=72)
replica2-1  | Pushed 1 commits (up to index=73)
replica2-1  | Pushed 2 commits (up to index=75)
replica2-1  | ΓåÆ FOLLOWER term=2 leader=null
replica2-1  | Voted for replica3 term=2
replica2-1  | Pushed 2 commits (up to index=77)
replica2-1  | Pushed 23 commits (up to index=100)
replica2-1  | Pushed 28 commits (up to index=128)
replica2-1  | Pushed 22 commits (up to index=150)
replica2-1  | Pushed 22 commits (up to index=172)
replica2-1  | ΓÜí ELECTION term=3
replica2-1  | Vote granted by http://replica3:4003 term=3 (2/2)
replica2-1  | Γÿà LEADER term=3
replica2-1  | ΓåÆ FOLLOWER term=4 leader=null
replica2-1  | Notified gateway of leadership
replica2-1  | ΓÜí ELECTION term=5
replica2-1  | Vote granted by http://replica3:4003 term=5 (2/2)
replica2-1  | Γÿà LEADER term=5
replica2-1  | Notified gateway of leadership
replica2-1  | ΓåÆ FOLLOWER term=6 leader=null
replica2-1  | ΓÜí ELECTION term=7
replica2-1  | Vote granted by http://replica3:4003 term=7 (2/2)
replica2-1  | Γÿà LEADER term=7
replica2-1  | Appended batch size=2 range=173..174
replica2-1  | Appended batch size=2 range=175..176
replica2-1  | Appended batch size=3 range=177..179
replica2-1  | Appended batch size=2 range=180..181
replica2-1  | Appended batch size=3 range=182..184
replica2-1  | Appended batch size=2 range=185..186
replica2-1  | Appended batch size=3 range=187..189
replica2-1  | Appended batch size=3 range=190..192
replica2-1  | Appended batch size=2 range=193..194
replica2-1  | Appended batch size=2 range=195..196
replica2-1  | Appended batch size=2 range=197..198
replica2-1  | Appended batch size=2 range=199..200
replica2-1  | Appended batch size=2 range=201..202
replica2-1  | Appended batch size=1 range=203..203
replica2-1  | Appended batch size=2 range=204..205
replica2-1  | Appended batch size=3 range=206..208
replica2-1  | Appended batch size=2 range=209..210
replica2-1  | Appended batch size=6 range=211..216
replica2-1  | Appended batch size=5 range=217..221
replica2-1  | Appended batch size=2 range=222..223
replica2-1  | Appended batch size=2 range=224..225
replica2-1  | Appended batch size=2 range=226..227
replica2-1  | Appended batch size=3 range=228..230
replica2-1  | Appended batch size=2 range=231..232
replica2-1  | Appended batch size=6 range=233..238
replica2-1  | Appended batch size=3 range=239..241
replica2-1  | Appended batch size=6 range=242..247
replica2-1  | Appended batch size=3 range=248..250
replica2-1  | Appended batch size=2 range=251..252
replica2-1  | Appended batch size=3 range=253..255
replica2-1  | Appended batch size=5 range=256..260
replica2-1  | Appended batch size=2 range=261..262
replica2-1  | Appended batch size=3 range=263..265
replica2-1  | Appended batch size=3 range=266..268
replica2-1  | Appended batch size=2 range=269..270
replica2-1  | Appended batch size=3 range=271..273
replica2-1  | Appended batch size=3 range=274..276
replica2-1  | Appended batch size=5 range=277..281
replica2-1  | Appended batch size=3 range=282..284
replica2-1  | Appended batch size=3 range=285..287
replica2-1  | Appended batch size=2 range=288..289
replica2-1  | Appended batch size=3 range=290..292
replica2-1  | Appended batch size=2 range=293..294
replica2-1  | Appended batch size=2 range=295..296
replica2-1  | Appended batch size=2 range=297..298
replica2-1  | Appended batch size=3 range=299..301
replica2-1  | Appended batch size=3 range=302..304
replica2-1  | Appended batch size=3 range=305..307
replica2-1  | Appended batch size=2 range=308..309
replica2-1  | Appended batch size=3 range=310..312
replica2-1  | Appended batch size=2 range=313..314
replica2-1  | Appended batch size=3 range=315..317
replica2-1  | Appended batch size=3 range=318..320
replica2-1  | Appended batch size=3 range=321..323
replica2-1  | Appended batch size=2 range=324..325
replica2-1  | Appended batch size=5 range=326..330
replica2-1  | Appended batch size=3 range=331..333
replica2-1  | Appended batch size=3 range=334..336
replica2-1  | Appended batch size=3 range=337..339
replica2-1  | Appended batch size=3 range=340..342
replica2-1  | Appended batch size=5 range=343..347
replica2-1  | Appended batch size=3 range=348..350
replica2-1  | Appended batch size=6 range=351..356
replica2-1  | Appended batch size=3 range=357..359
replica2-1  | Appended batch size=6 range=360..365
replica2-1  | Appended batch size=3 range=366..368
replica2-1  | Appended batch size=3 range=369..371
replica2-1  | Appended batch size=5 range=372..376
replica2-1  | Committed index=210
replica2-1  | Appended batch size=3 range=377..379
replica2-1  | Appended batch size=3 range=380..382
replica2-1  | Appended batch size=3 range=383..385
replica2-1  | Appended batch size=3 range=386..388
replica2-1  | Appended batch size=2 range=389..390
replica2-1  | Appended batch size=6 range=391..396
replica2-1  | Appended batch size=3 range=397..399
replica2-1  | Appended batch size=3 range=400..402
replica2-1  | Appended batch size=2 range=403..404
replica2-1  | Committed index=274
replica2-1  | Appended batch size=3 range=405..407
replica2-1  | Appended batch size=5 range=408..412
replica2-1  | Appended batch size=8 range=413..420
replica2-1  | Appended batch size=4 range=421..424
replica2-1  | Appended batch size=2 range=425..426
replica2-1  | Appended batch size=2 range=427..428
replica2-1  | Appended batch size=3 range=429..431
replica2-1  | Appended batch size=4 range=432..435
replica2-1  | Appended batch size=2 range=436..437
replica2-1  | Appended batch size=2 range=438..439
replica2-1  | Appended batch size=2 range=440..441
replica2-1  | Appended batch size=5 range=442..446
replica2-1  | Appended batch size=3 range=447..449
replica2-1  | Appended batch size=2 range=450..451
replica2-1  | Appended batch size=8 range=452..459
replica2-1  | Appended batch size=2 range=460..461
replica2-1  | Committed index=338
replica2-1  | Appended batch size=4 range=462..465
replica2-1  | Appended batch size=4 range=466..469
replica2-1  | Appended batch size=5 range=470..474
replica2-1  | Appended batch size=5 range=475..479
replica2-1  | Appended batch size=5 range=480..484
replica2-1  | Appended batch size=4 range=485..488
replica2-1  | Appended batch size=5 range=489..493
replica2-1  | Appended batch size=5 range=494..498
replica2-1  | Appended batch size=2 range=499..500
replica2-1  | Appended batch size=5 range=501..505
replica2-1  | Appended batch size=3 range=506..508
replica2-1  | Appended batch size=5 range=509..513
replica2-1  | Appended batch size=3 range=514..516
replica2-1  | Appended batch size=3 range=517..519
replica2-1  | Appended batch size=5 range=520..524
replica2-1  | Appended batch size=3 range=525..527
replica2-1  | Appended batch size=3 range=528..530
replica2-1  | Appended batch size=5 range=531..535
replica2-1  | Appended batch size=2 range=536..537
replica2-1  | Appended batch size=3 range=538..540
replica2-1  | Appended batch size=5 range=541..545
replica2-1  | Appended batch size=5 range=546..550
replica2-1  | Appended batch size=3 range=551..553
replica2-1  | Appended batch size=5 range=554..558
replica2-1  | Appended batch size=3 range=559..561
replica2-1  | Appended batch size=8 range=562..569
replica2-1  | Appended batch size=5 range=570..574
replica2-1  | Appended batch size=5 range=575..579
replica2-1  | Appended batch size=3 range=580..582
replica2-1  | Appended batch size=5 range=583..587
replica2-1  | Appended batch size=3 range=588..590
replica2-1  | Appended batch size=5 range=591..595
replica2-1  | Appended batch size=6 range=596..601
replica2-1  | Appended batch size=8 range=602..609
replica2-1  | Appended batch size=3 range=610..612
replica2-1  | Appended batch size=3 range=613..615
replica2-1  | Appended batch size=3 range=616..618
replica2-1  | Appended batch size=1 range=619..619
replica2-1  | Appended batch size=2 range=620..621
replica2-1  | Appended batch size=4 range=622..625
replica2-1  | Appended batch size=6 range=626..631
replica2-1  | Appended batch size=4 range=632..635
replica2-1  | Appended batch size=5 range=636..640
replica2-1  | Appended batch size=2 range=641..642
replica2-1  | Appended batch size=2 range=643..644
replica2-1  | Appended batch size=5 range=645..649
replica2-1  | Appended batch size=3 range=650..652
replica2-1  | Appended batch size=2 range=653..654
replica2-1  | Appended batch size=3 range=655..657
replica2-1  | Appended batch size=2 range=658..659
replica2-1  | Appended batch size=5 range=660..664
replica2-1  | Appended batch size=7 range=665..671
replica2-1  | Appended batch size=3 range=672..674
replica2-1  | Appended batch size=3 range=675..677
replica2-1  | Appended batch size=2 range=678..679
replica2-1  | Appended batch size=5 range=680..684
replica2-1  | Appended batch size=3 range=685..687
replica2-1  | Appended batch size=5 range=688..692
replica2-1  | Appended batch size=3 range=693..695
replica2-1  | Appended batch size=6 range=696..701
replica2-1  | Appended batch size=2 range=702..703
replica2-1  | Appended batch size=7 range=704..710
replica2-1  | Appended batch size=5 range=711..715
replica2-1  | Appended batch size=2 range=716..717
replica2-1  | Appended batch size=5 range=718..722
replica2-1  | Appended batch size=2 range=723..724
replica2-1  | Appended batch size=5 range=725..729
replica2-1  | Appended batch size=5 range=730..734
replica2-1  | Appended batch size=2 range=735..736
replica2-1  | Appended batch size=2 range=737..738
replica2-1  | Appended batch size=3 range=739..741
replica2-1  | Appended batch size=4 range=742..745
replica2-1  | Appended batch size=3 range=746..748
replica2-1  | Appended batch size=2 range=749..750
replica2-1  | Appended batch size=5 range=751..755
gateway-1   | Gateway started on port 3000
gateway-1   | Leader found: http://replica1:4001 term=1
gateway-1   | New leader: replica1 term=1
gateway-1   | Leader URL: http://replica1:4001
gateway-1   | Client connected total=1
gateway-1   | Client connected total=2
gateway-1   | Client connected total=3
gateway-1   | New leader: replica3 term=2
gateway-1   | Leader URL: http://replica3:4003
gateway-1   | New leader: replica2 term=3
gateway-1   | Leader URL: http://replica2:4002
gateway-1   | New leader: replica2 term=5
gateway-1   | Leader URL: http://replica2:4002
gateway-1   | Client connected total=4
gateway-1   | Client connected total=5
gateway-1   | Leader found: http://replica2:4002 term=7
gateway-1   | Leader found: http://replica2:4002 term=7
gateway-1   | Leader found: http://replica2:4002 term=7
gateway-1   | Leader found: http://replica2:4002 term=7
gateway-1   | Leader found: http://replica2:4002 term=7
gateway-1   | Leader found: http://replica2:4002 term=7
gateway-1   | Leader found: http://replica2:4002 term=7
gateway-1   | Leader found: http://replica2:4002 term=7
gateway-1   | Leader found: http://replica2:4002 term=7
gateway-1   | Leader found: http://replica2:4002 term=7
gateway-1   | Leader found: http://replica2:4002 term=7
gateway-1   | Leader found: http://replica2:4002 term=7
gateway-1   | Leader found: http://replica2:4002 term=7
gateway-1   | Leader found: http://replica2:4002 term=7
gateway-1   | Leader found: http://replica2:4002 term=7
gateway-1   | Leader found: http://replica2:4002 term=7
gateway-1   | Leader found: http://replica2:4002 term=7
gateway-1   | Leader found: http://replica2:4002 term=7
gateway-1   | Leader found: http://replica2:4002 term=7
gateway-1   | Leader found: http://replica2:4002 term=7
gateway-1   | Leader found: http://replica2:4002 term=7
gateway-1   | Leader found: http://replica2:4002 term=7
gateway-1   | Leader found: http://replica2:4002 term=7
gateway-1   | Leader found: http://replica2:4002 term=7
gateway-1   | Leader found: http://replica2:4002 term=7
gateway-1   | Leader found: http://replica2:4002 term=7
gateway-1   | Leader found: http://replica2:4002 term=7
gateway-1   | Leader found: http://replica2:4002 term=7
gateway-1   | Leader found: http://replica2:4002 term=7
gateway-1   | Leader found: http://replica2:4002 term=7
gateway-1   | Leader found: http://replica2:4002 term=7
gateway-1   | Leader found: http://replica2:4002 term=7
gateway-1   | Leader found: http://replica2:4002 term=7
gateway-1   | Leader found: http://replica2:4002 term=7
gateway-1   | Leader found: http://replica2:4002 term=7
gateway-1   | Leader found: http://replica2:4002 term=7
gateway-1   | Leader found: http://replica2:4002 term=7
gateway-1   | Leader found: http://replica2:4002 term=7
replica3-1  | Replica replica3 started on port 4003 peers=http://replica1:4001,http://replica2:4002
replica3-1  | ΓåÆ FOLLOWER term=1 leader=null
gateway-1   | Leader found: http://replica2:4002 term=7
gateway-1   | Leader found: http://replica2:4002 term=7
gateway-1   | Leader found: http://replica2:4002 term=7
gateway-1   | Leader found: http://replica2:4002 term=7
gateway-1   | Leader found: http://replica2:4002 term=7
gateway-1   | Leader found: http://replica2:4002 term=7
gateway-1   | Leader found: http://replica2:4002 term=7
gateway-1   | Leader found: http://replica2:4002 term=7
gateway-1   | Leader found: http://replica2:4002 term=7
gateway-1   | Leader found: http://replica2:4002 term=7
gateway-1   | Leader found: http://replica2:4002 term=7
gateway-1   | Leader found: http://replica2:4002 term=7
gateway-1   | Leader found: http://replica2:4002 term=7
gateway-1   | Leader found: http://replica2:4002 term=7
gateway-1   | Leader found: http://replica2:4002 term=7
gateway-1   | Leader found: http://replica2:4002 term=7
gateway-1   | Leader found: http://replica2:4002 term=7
gateway-1   | Leader found: http://replica2:4002 term=7
gateway-1   | Leader found: http://replica2:4002 term=7
gateway-1   | Leader found: http://replica2:4002 term=7
gateway-1   | Leader found: http://replica2:4002 term=7
gateway-1   | Leader found: http://replica2:4002 term=7
gateway-1   | Leader found: http://replica2:4002 term=7
gateway-1   | Leader found: http://replica2:4002 term=7
gateway-1   | Leader found: http://replica2:4002 term=7
gateway-1   | Leader found: http://replica2:4002 term=7
gateway-1   | Leader found: http://replica2:4002 term=7
gateway-1   | Leader found: http://replica2:4002 term=7
gateway-1   | Leader found: http://replica2:4002 term=7
gateway-1   | Leader found: http://replica2:4002 term=7
gateway-1   | Leader found: http://replica2:4002 term=7
gateway-1   | Leader found: http://replica2:4002 term=7
gateway-1   | Leader found: http://replica2:4002 term=7
gateway-1   | Leader found: http://replica2:4002 term=7
gateway-1   | Leader found: http://replica2:4002 term=7
gateway-1   | Leader found: http://replica2:4002 term=7
gateway-1   | Leader found: http://replica2:4002 term=7
gateway-1   | Leader found: http://replica2:4002 term=7
gateway-1   | Leader found: http://replica2:4002 term=7
gateway-1   | Leader found: http://replica2:4002 term=7
gateway-1   | Leader found: http://replica2:4002 term=7
gateway-1   | Leader found: http://replica2:4002 term=7
gateway-1   | Leader found: http://replica2:4002 term=7
gateway-1   | Leader found: http://replica2:4002 term=7
gateway-1   | Leader found: http://replica2:4002 term=7
gateway-1   | Leader found: http://replica2:4002 term=7
gateway-1   | New leader: replica2 term=7
gateway-1   | Leader URL: http://replica2:4002
gateway-1   | Client disconnected total=4
gateway-1   | Client disconnected total=3
replica3-1  | Voted for replica1 term=1
replica3-1  | Pushed 2 commits (up to index=1)
replica3-1  | Pushed 4 commits (up to index=5)
replica3-1  | Pushed 4 commits (up to index=9)
replica3-1  | Pushed 2 commits (up to index=11)
replica3-1  | Pushed 2 commits (up to index=13)
replica3-1  | Pushed 2 commits (up to index=15)
replica3-1  | Pushed 1 commits (up to index=16)
replica3-1  | Pushed 2 commits (up to index=18)
replica3-1  | Pushed 2 commits (up to index=20)
replica3-1  | Pushed 1 commits (up to index=21)
replica3-1  | Pushed 1 commits (up to index=22)
replica3-1  | Pushed 2 commits (up to index=24)
replica3-1  | Pushed 2 commits (up to index=26)
replica3-1  | Pushed 2 commits (up to index=28)
replica3-1  | Pushed 2 commits (up to index=30)
replica3-1  | Pushed 2 commits (up to index=32)
replica3-1  | Pushed 2 commits (up to index=34)
replica3-1  | Pushed 2 commits (up to index=36)
replica3-1  | Pushed 2 commits (up to index=38)
replica3-1  | Pushed 2 commits (up to index=40)
replica3-1  | Pushed 2 commits (up to index=42)
replica3-1  | Pushed 2 commits (up to index=44)
replica3-1  | Pushed 1 commits (up to index=45)
replica3-1  | Pushed 1 commits (up to index=46)
replica3-1  | Pushed 2 commits (up to index=48)
replica3-1  | Pushed 2 commits (up to index=50)
replica3-1  | Pushed 2 commits (up to index=52)
replica3-1  | Pushed 1 commits (up to index=53)
replica3-1  | Pushed 2 commits (up to index=55)
replica3-1  | Pushed 2 commits (up to index=57)
replica3-1  | Pushed 1 commits (up to index=58)
replica3-1  | Pushed 1 commits (up to index=59)
replica3-1  | Pushed 2 commits (up to index=61)
replica3-1  | Pushed 2 commits (up to index=63)
replica3-1  | Pushed 2 commits (up to index=65)
replica3-1  | Pushed 2 commits (up to index=67)
replica3-1  | Pushed 2 commits (up to index=69)
replica3-1  | Pushed 1 commits (up to index=70)
replica3-1  | Pushed 1 commits (up to index=71)
replica3-1  | Pushed 1 commits (up to index=72)
replica3-1  | Pushed 1 commits (up to index=73)
replica3-1  | Pushed 2 commits (up to index=75)
replica3-1  | ΓÜí ELECTION term=2
replica3-1  | Vote granted by http://replica2:4002 term=2 (2/2)
replica3-1  | Γÿà LEADER term=2
replica3-1  | Notified gateway of leadership
replica3-1  | Appended batch size=2 range=76..77
replica3-1  | Appended batch size=2 range=78..79
replica3-1  | Appended batch size=2 range=80..81
replica3-1  | Appended batch size=2 range=82..83
replica3-1  | Appended batch size=2 range=84..85
replica3-1  | Appended batch size=2 range=86..87
replica3-1  | Appended batch size=2 range=88..89
replica3-1  | Appended batch size=2 range=90..91
replica3-1  | Appended batch size=1 range=92..92
replica3-1  | Appended batch size=2 range=93..94
replica3-1  | Appended batch size=2 range=95..96
replica3-1  | Appended batch size=2 range=97..98
replica3-1  | Appended batch size=2 range=99..100
replica3-1  | Committed index=77
replica3-1  | Committed index=100
replica3-1  | Appended batch size=1 range=101..101
replica3-1  | Appended batch size=2 range=102..103
replica3-1  | Appended batch size=2 range=104..105
replica3-1  | Appended batch size=1 range=106..106
replica3-1  | Appended batch size=2 range=107..108
replica3-1  | Appended batch size=2 range=109..110
replica3-1  | Appended batch size=2 range=111..112
replica3-1  | Appended batch size=2 range=113..114
replica3-1  | Appended batch size=2 range=115..116
replica3-1  | Appended batch size=2 range=117..118
replica3-1  | Appended batch size=2 range=119..120
replica3-1  | Appended batch size=2 range=121..122
replica3-1  | Appended batch size=2 range=123..124
replica3-1  | Appended batch size=1 range=125..125
replica3-1  | Appended batch size=2 range=126..127
replica3-1  | Appended batch size=1 range=128..128
replica3-1  | Committed index=128
replica3-1  | Appended batch size=1 range=129..129
replica3-1  | Appended batch size=2 range=130..131
replica3-1  | Appended batch size=2 range=132..133
replica3-1  | Appended batch size=2 range=134..135
replica3-1  | Appended batch size=2 range=136..137
replica3-1  | Appended batch size=2 range=138..139
replica3-1  | Appended batch size=1 range=140..140
replica3-1  | Appended batch size=2 range=141..142
replica3-1  | Appended batch size=2 range=143..144
replica3-1  | Appended batch size=2 range=145..146
replica3-1  | Appended batch size=2 range=147..148
replica3-1  | Appended batch size=1 range=149..149
replica3-1  | Appended batch size=1 range=150..150
replica3-1  | Committed index=150
replica3-1  | Appended batch size=1 range=151..151
replica3-1  | Appended batch size=2 range=152..153
replica3-1  | Appended batch size=2 range=154..155
replica3-1  | Appended batch size=2 range=156..157
replica3-1  | Appended batch size=2 range=158..159
replica3-1  | Appended batch size=2 range=160..161
replica3-1  | Appended batch size=2 range=162..163
replica3-1  | Appended batch size=2 range=164..165
replica3-1  | Appended batch size=2 range=166..167
replica3-1  | Appended batch size=2 range=168..169
replica3-1  | Appended batch size=1 range=170..170
replica3-1  | Appended batch size=2 range=171..172
replica3-1  | Committed index=172
replica3-1  | ΓåÆ FOLLOWER term=3 leader=null
replica3-1  | Voted for replica2 term=3
replica3-1  | ΓÜí ELECTION term=4
replica3-1  | Election lost (1/3) backoff=56ms
replica3-1  | ΓåÆ FOLLOWER term=5 leader=null
replica3-1  | Voted for replica2 term=5
replica3-1  | ΓÜí ELECTION term=6
replica3-1  | Election lost (1/3) backoff=109ms
replica3-1  | ΓåÆ FOLLOWER term=7 leader=null
replica3-1  | Voted for replica2 term=7
replica3-1  | Pushed 135 commits (up to index=210)
replica2-1  | Appended batch size=5 range=756..760
replica2-1  | Appended batch size=4 range=761..764
replica2-1  | Appended batch size=2 range=765..766
replica3-1  | Pushed 64 commits (up to index=274)
replica3-1  | Pushed 64 commits (up to index=338)
replica3-1  | Pushed 64 commits (up to index=402)
replica3-1  | Pushed 64 commits (up to index=466)
replica3-1  | Pushed 64 commits (up to index=530)
replica3-1  | Pushed 64 commits (up to index=594)
replica3-1  | Pushed 64 commits (up to index=658)
replica3-1  | Pushed 64 commits (up to index=722)
replica3-1  | Pushed 64 commits (up to index=786)
replica3-1  | Pushed 64 commits (up to index=850)
replica3-1  | Pushed 64 commits (up to index=914)
replica2-1  | Appended batch size=5 range=767..771
replica2-1  | Appended batch size=3 range=772..774
replica2-1  | Appended batch size=2 range=775..776
replica2-1  | Appended batch size=2 range=777..778
replica2-1  | Appended batch size=3 range=779..781
replica2-1  | Appended batch size=3 range=782..784
replica2-1  | Appended batch size=6 range=785..790
replica2-1  | Appended batch size=2 range=791..792
replica2-1  | Appended batch size=3 range=793..795
replica2-1  | Appended batch size=3 range=796..798
replica2-1  | Committed index=402
replica2-1  | Appended batch size=3 range=799..801
replica2-1  | Appended batch size=3 range=802..804
replica2-1  | Appended batch size=2 range=805..806
replica2-1  | Appended batch size=2 range=807..808
replica2-1  | Appended batch size=3 range=809..811
replica2-1  | Appended batch size=4 range=812..815
replica2-1  | Appended batch size=2 range=816..817
replica2-1  | Appended batch size=6 range=818..823
replica2-1  | Appended batch size=3 range=824..826
replica2-1  | Appended batch size=3 range=827..829
replica2-1  | Appended batch size=5 range=830..834
replica2-1  | Appended batch size=3 range=835..837
replica2-1  | Appended batch size=2 range=838..839
replica2-1  | Appended batch size=6 range=840..845
replica2-1  | Appended batch size=1 range=846..846
replica2-1  | Appended batch size=3 range=847..849
replica2-1  | Appended batch size=3 range=850..852
replica2-1  | Appended batch size=6 range=853..858
replica2-1  | Appended batch size=2 range=859..860
replica2-1  | Committed index=466
replica2-1  | Appended batch size=3 range=861..863
replica2-1  | Appended batch size=6 range=864..869
replica3-1  | Pushed 64 commits (up to index=978)
replica3-1  | Pushed 64 commits (up to index=1042)
replica3-1  | Pushed 37 commits (up to index=1079)
replica3-1  | Pushed 3 commits (up to index=1082)
replica3-1  | Pushed 3 commits (up to index=1085)
replica3-1  | Pushed 4 commits (up to index=1089)
replica3-1  | Pushed 5 commits (up to index=1094)
replica3-1  | Pushed 6 commits (up to index=1100)
replica3-1  | Pushed 2 commits (up to index=1102)
replica3-1  | Pushed 3 commits (up to index=1105)
replica3-1  | Pushed 6 commits (up to index=1111)
replica3-1  | Pushed 3 commits (up to index=1114)
replica3-1  | Pushed 3 commits (up to index=1117)
replica3-1  | Pushed 2 commits (up to index=1119)
replica3-1  | Pushed 8 commits (up to index=1127)
replica3-1  | Pushed 3 commits (up to index=1130)
replica3-1  | Pushed 2 commits (up to index=1132)
replica3-1  | Pushed 3 commits (up to index=1135)
replica3-1  | Pushed 3 commits (up to index=1138)
replica3-1  | Pushed 6 commits (up to index=1144)
replica3-1  | Pushed 2 commits (up to index=1146)
replica3-1  | Pushed 3 commits (up to index=1149)
replica3-1  | Pushed 3 commits (up to index=1152)
replica3-1  | Pushed 5 commits (up to index=1157)
replica3-1  | Pushed 3 commits (up to index=1160)
replica3-1  | Pushed 6 commits (up to index=1166)
replica3-1  | Pushed 3 commits (up to index=1169)
replica3-1  | Pushed 3 commits (up to index=1172)
replica3-1  | Pushed 3 commits (up to index=1175)
replica3-1  | Pushed 2 commits (up to index=1177)
replica3-1  | Pushed 5 commits (up to index=1182)
replica3-1  | Pushed 3 commits (up to index=1185)
replica3-1  | Pushed 5 commits (up to index=1190)
replica3-1  | Pushed 2 commits (up to index=1192)
replica3-1  | Pushed 6 commits (up to index=1198)
replica3-1  | Pushed 3 commits (up to index=1201)
replica3-1  | Pushed 3 commits (up to index=1204)
replica3-1  | Pushed 1 commits (up to index=1205)
replica3-1  | Pushed 3 commits (up to index=1208)
replica3-1  | Pushed 3 commits (up to index=1211)
replica3-1  | Pushed 4 commits (up to index=1215)
replica3-1  | Pushed 1 commits (up to index=1216)
replica3-1  | Pushed 2 commits (up to index=1218)
replica3-1  | Pushed 5 commits (up to index=1223)
replica3-1  | Pushed 3 commits (up to index=1226)
replica3-1  | Pushed 2 commits (up to index=1228)
replica3-1  | Pushed 3 commits (up to index=1231)
replica3-1  | Pushed 3 commits (up to index=1234)
replica3-1  | Pushed 3 commits (up to index=1237)
replica3-1  | Pushed 2 commits (up to index=1239)
replica3-1  | Pushed 2 commits (up to index=1241)
replica3-1  | Pushed 3 commits (up to index=1244)
replica3-1  | Pushed 2 commits (up to index=1246)
replica3-1  | Pushed 5 commits (up to index=1251)
replica3-1  | Pushed 3 commits (up to index=1254)
replica3-1  | Pushed 2 commits (up to index=1256)
replica3-1  | Pushed 3 commits (up to index=1259)
replica3-1  | Pushed 3 commits (up to index=1262)
replica3-1  | Pushed 3 commits (up to index=1265)
replica3-1  | Pushed 4 commits (up to index=1269)
replica3-1  | Pushed 2 commits (up to index=1271)
replica3-1  | Pushed 2 commits (up to index=1273)
replica3-1  | Pushed 3 commits (up to index=1276)
replica3-1  | Pushed 4 commits (up to index=1280)
replica3-1  | Pushed 3 commits (up to index=1283)
replica3-1  | Pushed 3 commits (up to index=1286)
replica3-1  | Pushed 3 commits (up to index=1289)
replica3-1  | Pushed 5 commits (up to index=1294)
replica3-1  | Pushed 3 commits (up to index=1297)
replica3-1  | Pushed 3 commits (up to index=1300)
replica3-1  | Pushed 3 commits (up to index=1303)
replica3-1  | Pushed 3 commits (up to index=1306)
replica3-1  | Pushed 1 commits (up to index=1307)
replica3-1  | Pushed 3 commits (up to index=1310)
replica3-1  | Pushed 3 commits (up to index=1313)
replica3-1  | Pushed 2 commits (up to index=1315)
replica3-1  | Pushed 3 commits (up to index=1318)
replica3-1  | Pushed 3 commits (up to index=1321)
replica3-1  | Pushed 2 commits (up to index=1323)
replica3-1  | Pushed 5 commits (up to index=1328)
replica3-1  | Pushed 1 commits (up to index=1329)
replica3-1  | Pushed 3 commits (up to index=1332)
replica3-1  | Pushed 3 commits (up to index=1335)
replica3-1  | Pushed 3 commits (up to index=1338)
replica3-1  | Pushed 7 commits (up to index=1345)
replica3-1  | Pushed 3 commits (up to index=1348)
replica3-1  | Pushed 2 commits (up to index=1350)
replica3-1  | Pushed 2 commits (up to index=1352)
replica3-1  | Pushed 2 commits (up to index=1354)
replica3-1  | Pushed 2 commits (up to index=1356)
replica3-1  | Pushed 2 commits (up to index=1358)
replica3-1  | Pushed 3 commits (up to index=1361)
replica3-1  | Pushed 3 commits (up to index=1364)
replica3-1  | Pushed 6 commits (up to index=1370)
replica3-1  | Pushed 3 commits (up to index=1373)
replica3-1  | Pushed 3 commits (up to index=1376)
replica3-1  | Pushed 2 commits (up to index=1378)
replica3-1  | Pushed 3 commits (up to index=1381)
replica3-1  | Pushed 3 commits (up to index=1384)
replica3-1  | Pushed 3 commits (up to index=1387)
replica3-1  | Pushed 2 commits (up to index=1389)
replica3-1  | Pushed 2 commits (up to index=1391)
replica3-1  | Pushed 5 commits (up to index=1396)
replica3-1  | Pushed 2 commits (up to index=1398)
replica3-1  | Pushed 1 commits (up to index=1399)
replica3-1  | Pushed 6 commits (up to index=1405)
replica3-1  | Pushed 3 commits (up to index=1408)
replica3-1  | Pushed 3 commits (up to index=1411)
replica3-1  | Pushed 1 commits (up to index=1412)
replica3-1  | Pushed 5 commits (up to index=1417)
replica3-1  | Pushed 3 commits (up to index=1420)
replica3-1  | Pushed 5 commits (up to index=1425)
replica3-1  | Pushed 6 commits (up to index=1431)
replica3-1  | Pushed 2 commits (up to index=1433)
replica3-1  | Pushed 3 commits (up to index=1436)
replica3-1  | Pushed 2 commits (up to index=1438)
replica3-1  | Pushed 5 commits (up to index=1443)
replica3-1  | Pushed 2 commits (up to index=1445)
replica2-1  | Appended batch size=5 range=870..874
replica2-1  | Appended batch size=2 range=875..876
replica2-1  | Appended batch size=2 range=877..878
replica1-1  | Replica replica1 started on port 4001 peers=http://replica2:4002,http://replica3:4003
replica3-1  | Pushed 3 commits (up to index=1448)
replica3-1  | Pushed 2 commits (up to index=1450)
replica1-1  | ΓÜí ELECTION term=1
replica1-1  | Vote granted by http://replica2:4002 term=1 (2/2)
replica1-1  | Γÿà LEADER term=1
replica1-1  | Notified gateway of leadership
replica1-1  | Appended batch size=2 range=0..1
replica1-1  | Appended batch size=2 range=2..3
replica1-1  | Committed index=1
replica1-1  | Pushed 2 commits (up to index=1)
replica1-1  | Appended batch size=2 range=4..5
replica1-1  | Appended batch size=2 range=6..7
replica2-1  | Appended batch size=1 range=879..879
replica1-1  | Committed index=5
replica1-1  | Pushed 4 commits (up to index=5)
replica1-1  | Appended batch size=2 range=8..9
replica3-1  | Pushed 2 commits (up to index=1452)
replica3-1  | Pushed 2 commits (up to index=1454)
replica3-1  | Pushed 3 commits (up to index=1457)
replica3-1  | Pushed 2 commits (up to index=1459)
replica3-1  | Pushed 3 commits (up to index=1462)
replica3-1  | Pushed 4 commits (up to index=1466)
replica3-1  | Pushed 5 commits (up to index=1471)
replica3-1  | Pushed 3 commits (up to index=1474)
replica3-1  | Pushed 3 commits (up to index=1477)
replica3-1  | Pushed 3 commits (up to index=1480)
replica3-1  | Pushed 2 commits (up to index=1482)
replica3-1  | Pushed 4 commits (up to index=1486)
replica3-1  | Pushed 2 commits (up to index=1488)
replica3-1  | Pushed 2 commits (up to index=1490)
replica1-1  | Committed index=9
replica1-1  | Pushed 4 commits (up to index=9)
replica1-1  | Appended batch size=2 range=10..11
replica1-1  | Committed index=11
replica1-1  | Pushed 2 commits (up to index=11)
replica1-1  | Appended batch size=2 range=12..13
replica1-1  | Committed index=13
replica1-1  | Pushed 2 commits (up to index=13)
replica1-1  | Appended batch size=2 range=14..15
replica1-1  | Committed index=15
replica1-1  | Pushed 2 commits (up to index=15)
replica2-1  | Appended batch size=3 range=880..882
replica2-1  | Appended batch size=6 range=883..888
replica2-1  | Appended batch size=3 range=889..891
replica2-1  | Appended batch size=2 range=892..893
replica2-1  | Appended batch size=2 range=894..895
replica2-1  | Appended batch size=3 range=896..898
replica2-1  | Appended batch size=5 range=899..903
replica1-1  | Appended batch size=1 range=16..16
replica3-1  | Pushed 1 commits (up to index=1491)
replica1-1  | Committed index=16
replica3-1  | Pushed 2 commits (up to index=1493)
replica3-1  | Pushed 2 commits (up to index=1495)
replica3-1  | Pushed 2 commits (up to index=1497)
replica3-1  | Pushed 2 commits (up to index=1499)
replica3-1  | Pushed 2 commits (up to index=1501)
replica3-1  | Pushed 2 commits (up to index=1503)
replica3-1  | Pushed 2 commits (up to index=1505)
replica3-1  | Pushed 2 commits (up to index=1507)
replica1-1  | Pushed 1 commits (up to index=16)
replica1-1  | Appended batch size=2 range=17..18
replica1-1  | Committed index=18
replica1-1  | Pushed 2 commits (up to index=18)
replica1-1  | Appended batch size=2 range=19..20
replica1-1  | Committed index=20
replica1-1  | Pushed 2 commits (up to index=20)
replica1-1  | Appended batch size=1 range=21..21
replica1-1  | Committed index=21
replica1-1  | Pushed 1 commits (up to index=21)
replica1-1  | Appended batch size=1 range=22..22
replica1-1  | Committed index=22
replica1-1  | Pushed 1 commits (up to index=22)
replica1-1  | Appended batch size=2 range=23..24
replica1-1  | Committed index=24
replica1-1  | Pushed 2 commits (up to index=24)
replica1-1  | Appended batch size=2 range=25..26
replica1-1  | Committed index=26
replica1-1  | Pushed 2 commits (up to index=26)
replica1-1  | Appended batch size=2 range=27..28
replica1-1  | Committed index=28
replica1-1  | Pushed 2 commits (up to index=28)
replica1-1  | Appended batch size=2 range=29..30
replica1-1  | Committed index=30
replica1-1  | Pushed 2 commits (up to index=30)
replica3-1  | Pushed 2 commits (up to index=1509)
replica3-1  | Pushed 2 commits (up to index=1511)
replica2-1  | Appended batch size=3 range=904..906
replica1-1  | Appended batch size=2 range=31..32
replica3-1  | Pushed 2 commits (up to index=1513)
replica3-1  | Pushed 2 commits (up to index=1515)
replica1-1  | Committed index=32
replica2-1  | Appended batch size=6 range=907..912
replica2-1  | Appended batch size=3 range=913..915
replica3-1  | Pushed 2 commits (up to index=1517)
replica2-1  | Appended batch size=2 range=916..917
replica2-1  | Appended batch size=3 range=918..920
replica1-1  | Pushed 2 commits (up to index=32)
replica2-1  | Appended batch size=2 range=921..922
replica3-1  | Pushed 2 commits (up to index=1519)
replica2-1  | Appended batch size=6 range=923..928
replica3-1  | Pushed 2 commits (up to index=1521)
replica1-1  | Appended batch size=2 range=33..34
replica3-1  | Pushed 2 commits (up to index=1523)
replica3-1  | Pushed 2 commits (up to index=1525)
replica3-1  | Pushed 2 commits (up to index=1527)
replica3-1  | Pushed 2 commits (up to index=1529)
replica2-1  | Appended batch size=6 range=929..934
replica2-1  | Appended batch size=3 range=935..937
replica2-1  | Appended batch size=3 range=938..940
replica3-1  | Pushed 2 commits (up to index=1531)
replica3-1  | Pushed 2 commits (up to index=1533)
replica3-1  | Pushed 1 commits (up to index=1534)
replica3-1  | Pushed 2 commits (up to index=1536)
replica1-1  | Committed index=34
replica1-1  | Pushed 2 commits (up to index=34)
replica1-1  | Appended batch size=2 range=35..36
replica1-1  | Committed index=36
replica2-1  | Appended batch size=6 range=941..946
replica2-1  | Appended batch size=2 range=947..948
replica3-1  | Pushed 2 commits (up to index=1538)
replica3-1  | Pushed 2 commits (up to index=1540)
replica2-1  | Appended batch size=1 range=949..949
replica2-1  | Appended batch size=6 range=950..955
replica2-1  | Appended batch size=3 range=956..958
replica2-1  | Appended batch size=5 range=959..963
replica1-1  | Pushed 2 commits (up to index=36)
replica1-1  | Appended batch size=2 range=37..38
replica3-1  | Pushed 2 commits (up to index=1542)
replica3-1  | Pushed 2 commits (up to index=1544)
replica3-1  | Pushed 2 commits (up to index=1546)
replica1-1  | Committed index=38
replica1-1  | Pushed 2 commits (up to index=38)
replica1-1  | Appended batch size=2 range=39..40
replica2-1  | Appended batch size=3 range=964..966
replica2-1  | Appended batch size=2 range=967..968
replica1-1  | Committed index=40
replica2-1  | Appended batch size=3 range=969..971
replica1-1  | Pushed 2 commits (up to index=40)
replica1-1  | Appended batch size=2 range=41..42
replica1-1  | Committed index=42
replica2-1  | Appended batch size=3 range=972..974
replica2-1  | Appended batch size=6 range=975..980
replica3-1  | Pushed 2 commits (up to index=1548)
replica2-1  | Appended batch size=2 range=981..982
replica2-1  | Appended batch size=3 range=983..985
replica2-1  | Appended batch size=3 range=986..988
replica3-1  | Pushed 2 commits (up to index=1550)
replica3-1  | Pushed 1 commits (up to index=1551)
replica3-1  | Pushed 2 commits (up to index=1553)
replica3-1  | Pushed 2 commits (up to index=1555)
replica2-1  | Appended batch size=1 range=989..989
replica3-1  | Pushed 2 commits (up to index=1557)
replica2-1  | Appended batch size=6 range=990..995
replica3-1  | Pushed 2 commits (up to index=1559)
replica2-1  | Appended batch size=6 range=996..1001
replica2-1  | Appended batch size=3 range=1002..1004
replica1-1  | Pushed 2 commits (up to index=42)
replica2-1  | Appended batch size=6 range=1005..1010
replica3-1  | Pushed 2 commits (up to index=1561)
replica2-1  | Appended batch size=3 range=1011..1013
replica2-1  | Appended batch size=6 range=1014..1019
replica1-1  | Appended batch size=2 range=43..44
replica2-1  | Appended batch size=2 range=1020..1021
replica2-1  | Appended batch size=5 range=1022..1026
replica1-1  | Committed index=44
replica1-1  | Pushed 2 commits (up to index=44)
replica3-1  | Pushed 2 commits (up to index=1563)
replica3-1  | Pushed 2 commits (up to index=1565)
replica1-1  | Appended batch size=1 range=45..45
replica1-1  | Committed index=45
replica1-1  | Pushed 1 commits (up to index=45)
replica1-1  | Appended batch size=1 range=46..46
replica3-1  | Pushed 2 commits (up to index=1567)
replica1-1  | Committed index=46
replica3-1  | Pushed 2 commits (up to index=1569)
replica1-1  | Pushed 1 commits (up to index=46)
replica2-1  | Appended batch size=3 range=1027..1029
replica1-1  | Appended batch size=2 range=47..48
replica2-1  | Appended batch size=3 range=1030..1032
replica1-1  | Committed index=48
replica2-1  | Appended batch size=2 range=1033..1034
replica3-1  | Pushed 2 commits (up to index=1571)
replica3-1  | Pushed 1 commits (up to index=1572)
replica1-1  | Pushed 2 commits (up to index=48)
replica1-1  | Appended batch size=2 range=49..50
replica3-1  | Pushed 2 commits (up to index=1574)
replica3-1  | Pushed 2 commits (up to index=1576)
replica3-1  | Pushed 2 commits (up to index=1578)
replica3-1  | Pushed 1 commits (up to index=1579)
replica3-1  | Pushed 1 commits (up to index=1580)
replica3-1  | Pushed 2 commits (up to index=1582)
replica3-1  | Pushed 1 commits (up to index=1583)
replica1-1  | Committed index=50
replica3-1  | Pushed 1 commits (up to index=1584)
replica3-1  | Pushed 2 commits (up to index=1586)
replica3-1  | Pushed 2 commits (up to index=1588)
replica3-1  | Pushed 1 commits (up to index=1589)
replica3-1  | Pushed 2 commits (up to index=1591)
replica3-1  | Pushed 1 commits (up to index=1592)
replica3-1  | Pushed 2 commits (up to index=1594)
replica3-1  | Pushed 2 commits (up to index=1596)
replica2-1  | Appended batch size=3 range=1035..1037
replica2-1  | Appended batch size=4 range=1038..1041
replica2-1  | Appended batch size=5 range=1042..1046
replica1-1  | Pushed 2 commits (up to index=50)
replica1-1  | Appended batch size=2 range=51..52
replica1-1  | Committed index=52
replica1-1  | Pushed 2 commits (up to index=52)
replica1-1  | Appended batch size=1 range=53..53
replica1-1  | Committed index=53
replica2-1  | Appended batch size=4 range=1047..1050
replica1-1  | Pushed 1 commits (up to index=53)
replica1-1  | Appended batch size=2 range=54..55
replica3-1  | Pushed 2 commits (up to index=1598)
replica2-1  | Appended batch size=3 range=1051..1053
replica2-1  | Committed index=530
replica2-1  | Appended batch size=3 range=1054..1056
replica2-1  | Appended batch size=6 range=1057..1062
replica2-1  | Committed index=594
replica2-1  | Pushed 294 commits (up to index=466)
replica3-1  | Pushed 2 commits (up to index=1600)
replica3-1  | Pushed 2 commits (up to index=1602)
replica3-1  | Pushed 2 commits (up to index=1604)
replica3-1  | Pushed 1 commits (up to index=1605)
replica3-1  | Pushed 2 commits (up to index=1607)
replica3-1  | Pushed 2 commits (up to index=1609)
replica3-1  | Pushed 2 commits (up to index=1611)
replica3-1  | Pushed 2 commits (up to index=1613)
replica2-1  | Notified gateway of leadership
replica2-1  | Pushed 128 commits (up to index=594)
replica3-1  | Pushed 2 commits (up to index=1615)
replica3-1  | Pushed 2 commits (up to index=1617)
replica2-1  | Appended batch size=3 range=1063..1065
replica2-1  | Committed index=658
replica2-1  | Pushed 64 commits (up to index=658)
replica2-1  | Committed index=722
replica3-1  | Pushed 2 commits (up to index=1619)
replica3-1  | Pushed 2 commits (up to index=1621)
replica3-1  | Pushed 2 commits (up to index=1623)
replica1-1  | Committed index=55
replica3-1  | Pushed 2 commits (up to index=1625)
replica1-1  | Pushed 2 commits (up to index=55)
replica1-1  | Appended batch size=2 range=56..57
replica3-1  | Pushed 2 commits (up to index=1627)
replica3-1  | Pushed 2 commits (up to index=1629)
replica2-1  | Pushed 64 commits (up to index=722)
replica1-1  | Committed index=57
replica2-1  | Committed index=786
replica3-1  | Pushed 1 commits (up to index=1630)
replica3-1  | Pushed 2 commits (up to index=1632)
replica3-1  | Pushed 2 commits (up to index=1634)
replica3-1  | Pushed 1 commits (up to index=1635)
replica1-1  | Pushed 2 commits (up to index=57)
replica1-1  | Appended batch size=1 range=58..58
replica1-1  | Committed index=58
replica1-1  | Pushed 1 commits (up to index=58)
replica2-1  | Pushed 64 commits (up to index=786)
replica3-1  | Pushed 2 commits (up to index=1637)
replica3-1  | Pushed 2 commits (up to index=1639)
replica3-1  | Pushed 2 commits (up to index=1641)
replica1-1  | Appended batch size=1 range=59..59
replica1-1  | Committed index=59
replica3-1  | Pushed 1 commits (up to index=1642)
replica3-1  | Pushed 1 commits (up to index=1643)
replica3-1  | Pushed 1 commits (up to index=1644)
replica3-1  | Pushed 2 commits (up to index=1646)
replica3-1  | Pushed 2 commits (up to index=1648)
replica3-1  | Pushed 1 commits (up to index=1649)
replica3-1  | Pushed 1 commits (up to index=1650)
replica3-1  | Pushed 2 commits (up to index=1652)
replica3-1  | Pushed 1 commits (up to index=1653)
replica3-1  | Pushed 2 commits (up to index=1655)
replica2-1  | Committed index=850
replica2-1  | Pushed 64 commits (up to index=850)
replica2-1  | Appended batch size=3 range=1066..1068
replica2-1  | Appended batch size=3 range=1069..1071
replica2-1  | Appended batch size=2 range=1072..1073
replica2-1  | Committed index=914
replica2-1  | Appended batch size=6 range=1074..1079
replica2-1  | Pushed 64 commits (up to index=914)
replica1-1  | Pushed 1 commits (up to index=59)
replica1-1  | Appended batch size=2 range=60..61
replica1-1  | Committed index=61
replica1-1  | Pushed 2 commits (up to index=61)
replica1-1  | Appended batch size=2 range=62..63
replica1-1  | Committed index=63
replica1-1  | Pushed 2 commits (up to index=63)
replica1-1  | Appended batch size=2 range=64..65
replica1-1  | Committed index=65
replica1-1  | Pushed 2 commits (up to index=65)
replica1-1  | Appended batch size=2 range=66..67
replica1-1  | Committed index=67
replica1-1  | Pushed 2 commits (up to index=67)
replica3-1  | Pushed 2 commits (up to index=1657)
replica3-1  | Pushed 1 commits (up to index=1658)
replica3-1  | Pushed 2 commits (up to index=1660)
replica1-1  | Appended batch size=2 range=68..69
replica1-1  | Committed index=69
replica1-1  | Pushed 2 commits (up to index=69)
replica1-1  | Appended batch size=1 range=70..70
replica3-1  | Pushed 2 commits (up to index=1662)
replica3-1  | Pushed 3 commits (up to index=1665)
replica3-1  | Pushed 2 commits (up to index=1667)
replica1-1  | Committed index=70
replica3-1  | Pushed 2 commits (up to index=1669)
replica1-1  | Pushed 1 commits (up to index=70)
replica1-1  | Appended batch size=1 range=71..71
replica1-1  | Committed index=71
replica1-1  | Pushed 1 commits (up to index=71)
replica3-1  | Pushed 2 commits (up to index=1671)
replica3-1  | Pushed 2 commits (up to index=1673)
replica3-1  | Pushed 2 commits (up to index=1675)
replica3-1  | Pushed 2 commits (up to index=1677)
replica3-1  | Pushed 2 commits (up to index=1679)
replica2-1  | Committed index=978
replica2-1  | Pushed 64 commits (up to index=978)
replica2-1  | Committed index=1042
replica1-1  | Appended batch size=1 range=72..72
replica1-1  | Committed index=72
replica3-1  | Pushed 1 commits (up to index=1680)
replica1-1  | Pushed 1 commits (up to index=72)
replica1-1  | Appended batch size=1 range=73..73
replica3-1  | Pushed 1 commits (up to index=1681)
replica1-1  | Committed index=73
replica2-1  | Pushed 64 commits (up to index=1042)
replica1-1  | Pushed 1 commits (up to index=73)
replica2-1  | Committed index=1079
replica1-1  | Appended batch size=2 range=74..75
replica3-1  | Pushed 2 commits (up to index=1683)
replica2-1  | Pushed 37 commits (up to index=1079)
replica2-1  | Appended batch size=3 range=1080..1082
replica2-1  | Committed index=1082
replica3-1  | Pushed 2 commits (up to index=1685)
replica3-1  | Pushed 6 commits (up to index=1691)
replica2-1  | Pushed 3 commits (up to index=1082)
replica3-1  | Pushed 2 commits (up to index=1693)
replica2-1  | Appended batch size=3 range=1083..1085
replica3-1  | Pushed 2 commits (up to index=1695)
replica3-1  | Pushed 2 commits (up to index=1697)
replica3-1  | Pushed 2 commits (up to index=1699)
replica1-1  | Committed index=75
replica1-1  | Pushed 2 commits (up to index=75)
replica1-1  | Replica replica1 started on port 4001 peers=http://replica2:4002,http://replica3:4003
replica1-1  | ΓåÆ FOLLOWER term=7 leader=replica2
replica1-1  | Sync catch-up: 851 entries from replica2
replica1-1  | Pushed 851 commits (up to index=850)
replica1-1  | Pushed 45 commits (up to index=895)
replica1-1  | Pushed 64 commits (up to index=959)
replica1-1  | Pushed 64 commits (up to index=1023)
replica2-1  | Committed index=1085
replica1-1  | Pushed 64 commits (up to index=1087)
replica3-1  | Pushed 2 commits (up to index=1701)
replica3-1  | Pushed 2 commits (up to index=1703)
replica3-1  | Pushed 2 commits (up to index=1705)
replica3-1  | Pushed 2 commits (up to index=1707)
replica2-1  | Appended batch size=4 range=1086..1089
replica3-1  | Pushed 4 commits (up to index=1711)
replica3-1  | Pushed 2 commits (up to index=1713)
replica3-1  | Pushed 2 commits (up to index=1715)
replica2-1  | Pushed 3 commits (up to index=1085)
replica2-1  | Committed index=1089
replica2-1  | Pushed 4 commits (up to index=1089)
replica3-1  | Pushed 1 commits (up to index=1716)
replica2-1  | Appended batch size=5 range=1090..1094
replica3-1  | Pushed 2 commits (up to index=1718)
replica2-1  | Committed index=1094
replica3-1  | Pushed 2 commits (up to index=1720)
replica1-1  | Pushed 27 commits (up to index=1114)
replica2-1  | Pushed 5 commits (up to index=1094)
replica2-1  | Appended batch size=6 range=1095..1100
replica2-1  | Committed index=1100
replica3-1  | Pushed 2 commits (up to index=1722)
replica2-1  | Pushed 6 commits (up to index=1100)
replica2-1  | Appended batch size=2 range=1101..1102
replica1-1  | Pushed 3 commits (up to index=1117)
replica2-1  | Committed index=1102
replica1-1  | Pushed 2 commits (up to index=1119)
replica2-1  | Pushed 2 commits (up to index=1102)
replica1-1  | Pushed 8 commits (up to index=1127)
replica2-1  | Appended batch size=3 range=1103..1105
replica1-1  | Pushed 3 commits (up to index=1130)
replica2-1  | Committed index=1105
replica1-1  | Pushed 2 commits (up to index=1132)
replica1-1  | Pushed 3 commits (up to index=1135)
replica1-1  | Pushed 3 commits (up to index=1138)
replica2-1  | Pushed 3 commits (up to index=1105)
replica3-1  | Pushed 2 commits (up to index=1724)
replica2-1  | Appended batch size=6 range=1106..1111
